// Jest Snapshot v1, https://goo.gl/fbAQLP

exports[`<NavLinks /> should match snapshot 1`] = `
<nav
  aria-label="Main menu"
  class="sc-bdfCkl OPaVd"
>
  <a
    class="sc-gsTChe bvisxJ"
    href="#target1"
    target="_self"
  >
    Link 1
  </a>
  <a
    class="sc-gsTChe bvisxJ"
    href="#target2"
    target="_self"
  >
    Link 2
  </a>
  <a
    class="sc-gsTChe bvisxJ"
    href="#target3"
    target="_self"
  >
    Link 3
  </a>
  <a
    class="sc-gsTChe bvisxJ"
    href="#target4"
    target="_self"
  >
    Link 4
  </a>
  <a
    class="sc-gsTChe bvisxJ"
    href="#target5"
    target="_self"
  >
    Link 5
  </a>
  <a
    class="sc-gsTChe bvisxJ"
    href="#target6"
    target="_self"
  >
    Link 6
  </a>
  <a
    class="sc-gsTChe bvisxJ"
    href="#target7"
    target="_self"
  >
    Link 7
  </a>
  <a
    class="sc-gsTChe bvisxJ"
    href="#target8"
    target="_self"
  >
    Link 8
  </a>
  <a
    class="sc-gsTChe bvisxJ"
    href="#target9"
    target="_self"
  >
    Link 9
  </a>
  <a
    class="sc-gsTChe bvisxJ"
    href="#target10"
    target="_self"
  >
    Link 10
  </a>
</nav>
`;
